------------------------------------------------------------
Timing Analyzer Summary
------------------------------------------------------------

Type  : Slow 1200mV 85C Model Setup 'clk'
Slack : 14.175
TNS   : 0.000

Type  : Slow 1200mV 85C Model Setup 'inst|PLLUnit|altpll_component|auto_generated|pll1|clk[0]'
Slack : 96.805
TNS   : 0.000

Type  : Slow 1200mV 85C Model Hold 'clk'
Slack : 0.440
TNS   : 0.000

Type  : Slow 1200mV 85C Model Hold 'inst|PLLUnit|altpll_component|auto_generated|pll1|clk[0]'
Slack : 0.452
TNS   : 0.000

Type  : Slow 1200mV 85C Model Recovery 'clk'
Slack : 16.628
TNS   : 0.000

Type  : Slow 1200mV 85C Model Removal 'clk'
Slack : 1.838
TNS   : 0.000

Type  : Slow 1200mV 85C Model Minimum Pulse Width 'clk'
Slack : 9.689
TNS   : 0.000

Type  : Slow 1200mV 85C Model Minimum Pulse Width 'inst|PLLUnit|altpll_component|auto_generated|pll1|clk[0]'
Slack : 49.692
TNS   : 0.000

Type  : Slow 1200mV 0C Model Setup 'clk'
Slack : 14.580
TNS   : 0.000

Type  : Slow 1200mV 0C Model Setup 'inst|PLLUnit|altpll_component|auto_generated|pll1|clk[0]'
Slack : 96.978
TNS   : 0.000

Type  : Slow 1200mV 0C Model Hold 'clk'
Slack : 0.399
TNS   : 0.000

Type  : Slow 1200mV 0C Model Hold 'inst|PLLUnit|altpll_component|auto_generated|pll1|clk[0]'
Slack : 0.400
TNS   : 0.000

Type  : Slow 1200mV 0C Model Recovery 'clk'
Slack : 16.823
TNS   : 0.000

Type  : Slow 1200mV 0C Model Removal 'clk'
Slack : 1.670
TNS   : 0.000

Type  : Slow 1200mV 0C Model Minimum Pulse Width 'clk'
Slack : 9.693
TNS   : 0.000

Type  : Slow 1200mV 0C Model Minimum Pulse Width 'inst|PLLUnit|altpll_component|auto_generated|pll1|clk[0]'
Slack : 49.697
TNS   : 0.000

Type  : Fast 1200mV 0C Model Setup 'clk'
Slack : 17.433
TNS   : 0.000

Type  : Fast 1200mV 0C Model Setup 'inst|PLLUnit|altpll_component|auto_generated|pll1|clk[0]'
Slack : 98.610
TNS   : 0.000

Type  : Fast 1200mV 0C Model Hold 'clk'
Slack : 0.147
TNS   : 0.000

Type  : Fast 1200mV 0C Model Hold 'inst|PLLUnit|altpll_component|auto_generated|pll1|clk[0]'
Slack : 0.186
TNS   : 0.000

Type  : Fast 1200mV 0C Model Recovery 'clk'
Slack : 18.487
TNS   : 0.000

Type  : Fast 1200mV 0C Model Removal 'clk'
Slack : 0.799
TNS   : 0.000

Type  : Fast 1200mV 0C Model Minimum Pulse Width 'clk'
Slack : 9.380
TNS   : 0.000

Type  : Fast 1200mV 0C Model Minimum Pulse Width 'inst|PLLUnit|altpll_component|auto_generated|pll1|clk[0]'
Slack : 49.782
TNS   : 0.000

------------------------------------------------------------
