------------------------------------------------------------
Timing Analyzer Summary
------------------------------------------------------------

Type  : Slow 1200mV 85C Model Setup 'clk'
Slack : 10.251
TNS   : 0.000

Type  : Slow 1200mV 85C Model Setup 'inst|PLLUnit|altpll_component|auto_generated|pll1|clk[0]'
Slack : 167.434
TNS   : 0.000

Type  : Slow 1200mV 85C Model Hold 'clk'
Slack : -1.988
TNS   : -199.100

Type  : Slow 1200mV 85C Model Hold 'inst|PLLUnit|altpll_component|auto_generated|pll1|clk[0]'
Slack : 0.445
TNS   : 0.000

Type  : Slow 1200mV 85C Model Recovery 'clk'
Slack : 16.589
TNS   : 0.000

Type  : Slow 1200mV 85C Model Recovery 'inst|PLLUnit|altpll_component|auto_generated|pll1|clk[0]'
Slack : 196.335
TNS   : 0.000

Type  : Slow 1200mV 85C Model Removal 'clk'
Slack : 1.613
TNS   : 0.000

Type  : Slow 1200mV 85C Model Removal 'inst|PLLUnit|altpll_component|auto_generated|pll1|clk[0]'
Slack : 1.888
TNS   : 0.000

Type  : Slow 1200mV 85C Model Minimum Pulse Width 'clk'
Slack : 9.682
TNS   : 0.000

Type  : Slow 1200mV 85C Model Minimum Pulse Width 'inst|PLLUnit|altpll_component|auto_generated|pll1|clk[0]'
Slack : 99.687
TNS   : 0.000

Type  : Slow 1200mV 0C Model Setup 'clk'
Slack : 10.655
TNS   : 0.000

Type  : Slow 1200mV 0C Model Setup 'inst|PLLUnit|altpll_component|auto_generated|pll1|clk[0]'
Slack : 169.411
TNS   : 0.000

Type  : Slow 1200mV 0C Model Hold 'clk'
Slack : -1.675
TNS   : -160.916

Type  : Slow 1200mV 0C Model Hold 'inst|PLLUnit|altpll_component|auto_generated|pll1|clk[0]'
Slack : 0.400
TNS   : 0.000

Type  : Slow 1200mV 0C Model Recovery 'clk'
Slack : 16.804
TNS   : 0.000

Type  : Slow 1200mV 0C Model Recovery 'inst|PLLUnit|altpll_component|auto_generated|pll1|clk[0]'
Slack : 196.544
TNS   : 0.000

Type  : Slow 1200mV 0C Model Removal 'clk'
Slack : 1.466
TNS   : 0.000

Type  : Slow 1200mV 0C Model Removal 'inst|PLLUnit|altpll_component|auto_generated|pll1|clk[0]'
Slack : 1.712
TNS   : 0.000

Type  : Slow 1200mV 0C Model Minimum Pulse Width 'clk'
Slack : 9.689
TNS   : 0.000

Type  : Slow 1200mV 0C Model Minimum Pulse Width 'inst|PLLUnit|altpll_component|auto_generated|pll1|clk[0]'
Slack : 99.693
TNS   : 0.000

Type  : Fast 1200mV 0C Model Setup 'clk'
Slack : 15.417
TNS   : 0.000

Type  : Fast 1200mV 0C Model Setup 'inst|PLLUnit|altpll_component|auto_generated|pll1|clk[0]'
Slack : 185.678
TNS   : 0.000

Type  : Fast 1200mV 0C Model Hold 'clk'
Slack : -1.108
TNS   : -140.391

Type  : Fast 1200mV 0C Model Hold 'inst|PLLUnit|altpll_component|auto_generated|pll1|clk[0]'
Slack : 0.152
TNS   : 0.000

Type  : Fast 1200mV 0C Model Recovery 'clk'
Slack : 18.448
TNS   : 0.000

Type  : Fast 1200mV 0C Model Recovery 'inst|PLLUnit|altpll_component|auto_generated|pll1|clk[0]'
Slack : 198.397
TNS   : 0.000

Type  : Fast 1200mV 0C Model Removal 'clk'
Slack : 0.688
TNS   : 0.000

Type  : Fast 1200mV 0C Model Removal 'inst|PLLUnit|altpll_component|auto_generated|pll1|clk[0]'
Slack : 0.811
TNS   : 0.000

Type  : Fast 1200mV 0C Model Minimum Pulse Width 'clk'
Slack : 9.378
TNS   : 0.000

Type  : Fast 1200mV 0C Model Minimum Pulse Width 'inst|PLLUnit|altpll_component|auto_generated|pll1|clk[0]'
Slack : 99.748
TNS   : 0.000

------------------------------------------------------------
